Traceback (most recent call last):
  File "C:\Users\SIRUL AMIN\Documents\psd_b_1\.venv\Lib\site-packages\jupyter_cache\executors\utils.py", line 58, in single_nb_execution
    executenb(
    ~~~~~~~~~^
        nb,
        ^^^
    ...<4 lines>...
        **kwargs,
        ^^^^^^^^^
    )
    ^
  File "C:\Users\SIRUL AMIN\Documents\psd_b_1\.venv\Lib\site-packages\nbclient\client.py", line 1323, in execute
    return NotebookClient(nb=nb, resources=resources, km=km, **kwargs).execute()
           ~~~~~~~~~~~~~~~~~~~~~~~~~~~~~~~~~~~~~~~~~~~~~~~~~~~~~~~~~~~~~~~~~~~^^
  File "C:\Users\SIRUL AMIN\Documents\psd_b_1\.venv\Lib\site-packages\jupyter_core\utils\__init__.py", line 165, in wrapped
    return loop.run_until_complete(inner)
           ~~~~~~~~~~~~~~~~~~~~~~~^^^^^^^
  File "C:\Users\SIRUL AMIN\AppData\Local\Python\pythoncore-3.14-64\Lib\asyncio\base_events.py", line 720, in run_until_complete
    return future.result()
           ~~~~~~~~~~~~~^^
  File "C:\Users\SIRUL AMIN\Documents\psd_b_1\.venv\Lib\site-packages\nbclient\client.py", line 709, in async_execute
    await self.async_execute_cell(
        cell, index, execution_count=self.code_cells_executed + 1
    )
  File "C:\Users\SIRUL AMIN\Documents\psd_b_1\.venv\Lib\site-packages\nbclient\client.py", line 1062, in async_execute_cell
    await self._check_raise_for_error(cell, cell_index, exec_reply)
  File "C:\Users\SIRUL AMIN\Documents\psd_b_1\.venv\Lib\site-packages\nbclient\client.py", line 918, in _check_raise_for_error
    raise CellExecutionError.from_cell_and_msg(cell, exec_reply_content)
nbclient.exceptions.CellExecutionError: An error occurred while executing the following cell:
------------------
# ============================================================
# EKSTRAKSI FITUR TSFEL
# ============================================================

import tsfel

# Pastikan data terurut
df_final_co = df_final_co.sort_values(
    "tanggal"
).reset_index(drop=True)

# Ambil sinyal CO
signal_co = df_final_co["CO"].to_numpy()

print("Jumlah data CO :", len(signal_co))
print("Missing value  :", np.isnan(signal_co).sum())
------------------


[31m---------------------------------------------------------------------------[39m
[31mModuleNotFoundError[39m                       Traceback (most recent call last)
[36mCell[39m[36m [39m[32mIn[12][39m[32m, line 5[39m
[32m      1[39m [38;5;66;03m# ============================================================[39;00m
[32m      2[39m [38;5;66;03m# EKSTRAKSI FITUR TSFEL[39;00m
[32m      3[39m [38;5;66;03m# ============================================================[39;00m
[32m      4[39m 
[32m----> [39m[32m5[39m [38;5;28;01mimport[39;00m tsfel
[32m      6[39m 
[32m      7[39m [38;5;66;03m# Pastikan data terurut[39;00m
[32m      8[39m df_final_co = df_final_co.sort_values(

[31mModuleNotFoundError[39m: No module named 'tsfel'

